node.exe : FAIL 
hooks/useAssessment.test.ts
At C:\Program 
Files\nodejs\npx.ps1:29 
char:3
+   & $NODE_EXE $NPX_CLI_JS 
$args
+   
~~~~~~~~~~~~~~~~~~~~~~~~~~~~~
    + CategoryInfo           
   : NotSpecified: (FAIL ho  
  oks/useAssessment.test.t   
 s:String) [], RemoteExce    
ption
    + FullyQualifiedErrorId  
   : NativeCommandError
 
  ÔùÅ Test suite failed to 
run

    ReferenceError: 
TextEncoder is not defined

    [0m [90m  9 |[39m   
[36mconst[39m pdf 
[33m=[39m [36mnew[39m 
jsPDF()[33m;[39m
     [90m 10 |[39m   
[36mconst[39m pageWidth 
[33m=[39m pdf[33m.[39mint
ernal[33m.[39mpageSize[33m
.[39mgetWidth()[33m;[39m
    
[31m[1m>[22m[39m[90m 11 
|[39m   [36mconst[39m 
pageHeight [33m=[39m pdf[3
3m.[39minternal[33m.[39mpa
geSize[33m.[39mgetHeight()
[33m;[39m
     [90m    |[39m         
                             
                 
[31m[1m^[22m[39m
     [90m 12 |[39m   
[36mlet[39m yPosition 
[33m=[39m 
[35m20[39m[33m;[39m
     [90m 13 |[39m
     [90m 14 |[39m   
[90m// Title[39m[0m

      at Object.<anonymous> (
node_modules/iobuffer/src/tex
t.ts:6:17)
      at Object.<anonymous> (
node_modules/iobuffer/src/IOB
uffer.ts:1:1)
      at Object.<anonymous> (
node_modules/fast-png/src/Png
Decoder.ts:1:1)
      at Object.<anonymous> (
node_modules/fast-png/src/ind
ex.ts:1:1)
      at Object.<anonymous> (
node_modules/jspdf/dist/jspdf
.node.min.js:51:82)
      at Object.<anonymous> 
(lib/pdfGenerator.ts:11:55)
      at Object.<anonymous> (
hooks/useAssessment.ts:13:23)
      at Object.<anonymous> (
hooks/useAssessment.test.ts:6
:24)

Test Suites: 1 failed, 1 
total
Tests:       0 total
Snapshots:   0 total
Time:        1.009 s
Ran all test suites matching 
hooks/useAssessment.test.ts.
